// Jest Snapshot v1, https://goo.gl/fbAQLP

exports[`Testing Login Component the components when inputs property are empty rendered in the DOM should match snapshot 1`] = `
<div>
  <Header />
  <AuthForm
    errorMessages={Array []}
    formTitle="Login"
    handleChange={[Function]}
    handleSubmit={[Function]}
    iconUrl=""
    inputs={
      Array [
        Object {
          "name": "username",
          "placeholder": "Username",
          "value": "",
        },
        Object {
          "name": "password",
          "placeholder": "Password",
          "type": "password",
          "value": "",
        },
      ]
    }
    links={
      Array [
        Object {
          "caption": "Sign Up",
          "to": "/signup",
        },
      ]
    }
    loading={false}
    messageTitle="Login Successfully"
    submitLoading={false}
    success={true}
    type="auth"
  />
</div>
`;
