// Jest Snapshot v1, https://goo.gl/fbAQLP

exports[`Testing LandingBody Component should match existing snapshot 1`] = `
<main>
  <Switch>
    <Route
      component={[Function]}
      exact={true}
      key="0"
      path="/"
    />
    <Route
      component={[Function]}
      exact={true}
      key="1"
      path="/signup"
    />
    <Route
      component={[Function]}
      exact={true}
      key="2"
      path="/login"
    />
    <Route
      component={[Function]}
      exact={true}
      key="3"
      path="/admin/login"
    />
    <Route
      component={[Function]}
      exact={true}
      key="4"
      path="/reset-password"
    />
    <ProtectedRoute
      component={[Function]}
      exact={true}
      key="5"
      path="/dashboard"
    />
    <AdminRoute
      component={[Function]}
      exact={true}
      key="6"
      path="/dashboard/admin"
    />
  </Switch>
</main>
`;
