// Jest Snapshot v1, https://goo.gl/fbAQLP

exports[`Testing AuthForm Component the components when inputs property are empty rendered in the DOM should match snapshot 1`] = `
<AuthForm
  errorMessages={Array []}
  formType="Reset Password"
  handleChange={[Function]}
  handleSubmit={[Function]}
  inputs={
    Array [
      Object {
        "name": "email",
        "placeholder": "Email",
        "type": "email",
        "value": "",
      },
      Object {
        "name": "password",
        "placeholder": "New Password",
        "type": "password",
        "value": "",
      },
      Object {
        "name": "confirm-password",
        "placeholder": "Confirm Password",
        "type": "password",
        "value": "",
      },
    ]
  }
  links={Array []}
  loading={false}
  messageTitle=""
  success={false}
/>
`;
