// Jest Snapshot v1, https://goo.gl/fbAQLP

exports[`Testing AuthForm Component the components when inputs property are empty rendered in the DOM should match snapshot 1`] = `
<div>
  <Header />
  <AuthForm
    errorMessages={Array []}
    formTitle="Reset Password"
    handleChange={[Function]}
    handleSubmit={[Function]}
    iconUrl=""
    inputs={
      Array [
        Object {
          "name": "email",
          "placeholder": "Email",
          "type": "email",
          "value": "",
        },
        Object {
          "name": "password",
          "placeholder": "New Password",
          "type": "password",
          "value": "",
        },
        Object {
          "name": "confirm-password",
          "placeholder": "Confirm Password",
          "type": "password",
          "value": "",
        },
      ]
    }
    links={
      Array [
        Object {
          "caption": "Sign Up",
          "to": "/signup",
        },
        Object {
          "caption": "Login",
          "to": "/login",
        },
      ]
    }
    loading={false}
    messageTitle=""
    submitLoading={false}
    success={false}
    type="auth"
  />
</div>
`;
