// Jest Snapshot v1, https://goo.gl/fbAQLP

exports[`Testing AdminButtons components rendered should match the existing snapshot of the app  1`] = `
<span>
  <Button
    as="button"
    color="green"
    content="Approve"
    onClick={[Function]}
    role="button"
    size="small"
  />
  <Button
    as="button"
    color="red"
    content="Disapprove"
    onClick={[Function]}
    role="button"
    size="small"
  />
</span>
`;
