// Jest Snapshot v1, https://goo.gl/fbAQLP

exports[`Testing Footer Testing FooterContainer should match the existing snapshot of the app  1`] = `
<footer
  className="simple-background-image"
>
  <h1>
    Credits
  </h1>
  <p>
    This app was created by Chidiebere Oguejiofor during his  training period at Andela
  </p>
  <p>
    Special thanks to my Learning Facilitars and those who have helped me in my journey to this point
  </p>
  <SocialLogoGrid />
</footer>
`;
